{"sessionId":"5681af","runId":"post-fix","hypothesisId":"H3","location":"Memory.cpp:FullRefresh","message":"full_refresh","data":{"durMs":106,"mode":"tlb_mem","ok":1},"timestamp":1784059423191}
{"sessionId":"5681af","runId":"raid-gate","hypothesisId":"R","location":"Update.cpp:TickRaidGate","message":"raid_state_change","data":{"raw":1,"esp":0,"draw":0,"reason":"ok_enter","hubTok":"","world":"TheDam_02_P","level":"PersistentLevel","pawnName":"BP_PioneerCharacter_C","gsWorld":"","gsPtr":"0","party":21,"actors":1187,"partyPend":0,"enterPend":0,"gw":"3b57be020","pc":"11c7c41590","pawn":"12fab37480"},"timestamp":1784059423497}
{"sessionId":"5681af","runId":"raid-gate","hypothesisId":"R","location":"Update.cpp:TickRaidGate","message":"party_wait","data":{"party":21,"delayMs":500},"timestamp":1784059423498}
{"sessionId":"5681af","runId":"raid-gate","hypothesisId":"R","location":"Update.cpp:TickRaidGate","message":"enter_wait","data":{"party":21,"delayMs":500},"timestamp":1784059424004}
{"sessionId":"5681af","runId":"raid-gate","hypothesisId":"R","location":"Update.cpp:TickRaidGate","message":"entered","data":{"party":21,"actors":1187,"reason":"ok_enter"},"timestamp":1784059424505}
{"sessionId":"5681af","runId":"post-fix","hypothesisId":"H1","location":"Esp.cpp:CollectEspRenderFrame","message":"frame_cam_only","data":{"players":0,"bots":0,"world":0,"entityPosScatter":0},"timestamp":1784059424506}
{"sessionId":"5681af","runId":"raid-gate","hypothesisId":"R","location":"Update.cpp:TickRaidGate","message":"raid_state_change","data":{"raw":1,"esp":1,"draw":0,"reason":"ok_stay","hubTok":"","world":"TheDam_02_P","level":"PersistentLevel","pawnName":"BP_PioneerCharacter_C","gsWorld":"","gsPtr":"0","party":21,"actors":1187,"partyPend":0,"enterPend":0,"gw":"3b57be020","pc":"11c7c41590","pawn":"12fab37480"},"timestamp":1784059424531}
{"sessionId":"5681af","runId":"raid-gate","hypothesisId":"R","location":"Update.cpp:TickRaidGate","message":"caches_ready","data":{"players":13,"bots":20,"world":206,"mode":"hard"},"timestamp":1784059425241}
{"sessionId":"5681af","runId":"raid-gate","hypothesisId":"R","location":"Update.cpp:TickRaidGate","message":"raid_state_change","data":{"raw":1,"esp":1,"draw":1,"reason":"ok_stay","hubTok":"","world":"TheDam_02_P","level":"PersistentLevel","pawnName":"BP_PioneerCharacter_C","gsWorld":"","gsPtr":"0","party":21,"actors":1187,"partyPend":0,"enterPend":0,"gw":"3b57be020","pc":"11c7c41590","pawn":"12fab37480"},"timestamp":1784059425257}
{"sessionId":"5681af","runId":"post-fix","hypothesisId":"H2","location":"PositionRefreshPass.cpp","message":"pos_work","data":{"total":8,"players":0,"bots":8,"world":0,"cachedScatter":0},"timestamp":1784059425470}
{"sessionId":"5681af","runId":"post-fix","hypothesisId":"H1","location":"Esp.cpp:CollectEspRenderFrame","message":"frame_cam_only","data":{"players":2,"bots":8,"world":15,"entityPosScatter":0},"timestamp":1784059426527}
{"sessionId":"5681af","runId":"raid-gate","hypothesisId":"R","location":"Update.cpp:TickRaidGate","message":"raid_heartbeat","data":{"raw":1,"esp":1,"draw":1,"reason":"ok_stay","hubTok":"","world":"TheDam_02_P","level":"PersistentLevel","pawnName":"BP_PioneerCharacter_C","gsWorld":"","gsPtr":"0","party":21,"actors":1187,"partyPend":0,"enterPend":0,"gw":"3b57be020","pc":"11c7c41590","pawn":"12fab37480"},"timestamp":1784059427269}
{"sessionId":"5681af","runId":"post-fix","hypothesisId":"H2","location":"PositionRefreshPass.cpp","message":"pos_work","data":{"total":10,"players":2,"bots":8,"world":0,"cachedScatter":0},"timestamp":1784059427492}
{"sessionId":"5681af","runId":"post-fix","hypothesisId":"H1","location":"Esp.cpp:CollectEspRenderFrame","message":"frame_cam_only","data":{"players":2,"bots":8,"world":15,"entityPosScatter":0},"timestamp":1784059428540}
{"sessionId":"5681af","runId":"raid-gate","hypothesisId":"R","location":"Update.cpp:TickRaidGate","message":"raid_heartbeat","data":{"raw":1,"esp":1,"draw":1,"reason":"ok_stay","hubTok":"","world":"TheDam_02_P","level":"PersistentLevel","pawnName":"BP_PioneerCharacter_C","gsWorld":"","gsPtr":"0","party":21,"actors":1187,"partyPend":0,"enterPend":0,"gw":"3b57be020","pc":"11c7c41590","pawn":"12fab37480"},"timestamp":1784059429280}
{"sessionId":"5681af","runId":"post-fix","hypothesisId":"H2","location":"PositionRefreshPass.cpp","message":"pos_work","data":{"total":9,"players":1,"bots":8,"world":0,"cachedScatter":0},"timestamp":1784059429521}
{"sessionId":"5681af","runId":"post-fix","hypothesisId":"H1","location":"Esp.cpp:CollectEspRenderFrame","message":"frame_cam_only","data":{"players":1,"bots":8,"world":17,"entityPosScatter":0},"timestamp":1784059430569}
{"sessionId":"5681af","runId":"raid-gate","hypothesisId":"R","location":"Update.cpp:TickRaidGate","message":"raid_heartbeat","data":{"raw":1,"esp":1,"draw":1,"reason":"ok_stay","hubTok":"","world":"TheDam_02_P","level":"PersistentLevel","pawnName":"BP_PioneerCharacter_C","gsWorld":"","gsPtr":"0","party":21,"actors":1187,"partyPend":0,"enterPend":0,"gw":"3b57be020","pc":"11c7c41590","pawn":"12fab37480"},"timestamp":1784059431286}
{"sessionId":"5681af","runId":"post-fix","hypothesisId":"H2","location":"PositionRefreshPass.cpp","message":"pos_work","data":{"total":9,"players":1,"bots":8,"world":0,"cachedScatter":0},"timestamp":1784059431541}
{"sessionId":"5681af","runId":"post-fix","hypothesisId":"H1","location":"Esp.cpp:CollectEspRenderFrame","message":"frame_cam_only","data":{"players":1,"bots":8,"world":17,"entityPosScatter":0},"timestamp":1784059432584}
{"sessionId":"5681af","runId":"raid-gate","hypothesisId":"R","location":"Update.cpp:TickRaidGate","message":"raid_heartbeat","data":{"raw":1,"esp":1,"draw":1,"reason":"ok_stay","hubTok":"","world":"TheDam_02_P","level":"PersistentLevel","pawnName":"BP_PioneerCharacter_C","gsWorld":"","gsPtr":"0","party":21,"actors":1187,"partyPend":0,"enterPend":0,"gw":"3b57be020","pc":"11c7c41590","pawn":"12fab37480"},"timestamp":1784059433330}
{"sessionId":"5681af","runId":"post-fix","hypothesisId":"H2","location":"PositionRefreshPass.cpp","message":"pos_work","data":{"total":9,"players":1,"bots":8,"world":0,"cachedScatter":0},"timestamp":1784059433551}
{"sessionId":"5681af","runId":"post-fix","hypothesisId":"H1","location":"Esp.cpp:CollectEspRenderFrame","message":"frame_cam_only","data":{"players":1,"bots":8,"world":16,"entityPosScatter":0},"timestamp":1784059434596}
{"sessionId":"5681af","runId":"raid-gate","hypothesisId":"R","location":"Update.cpp:TickRaidGate","message":"raid_heartbeat","data":{"raw":1,"esp":1,"draw":1,"reason":"ok_stay","hubTok":"","world":"TheDam_02_P","level":"PersistentLevel","pawnName":"BP_PioneerCharacter_C","gsWorld":"","gsPtr":"0","party":21,"actors":1187,"partyPend":0,"enterPend":0,"gw":"3b57be020","pc":"11c7c41590","pawn":"12fab37480"},"timestamp":1784059435558}
{"sessionId":"5681af","runId":"post-fix","hypothesisId":"H2","location":"PositionRefreshPass.cpp","message":"pos_work","data":{"total":9,"players":1,"bots":8,"world":0,"cachedScatter":0},"timestamp":1784059435577}
{"sessionId":"5681af","runId":"post-fix","hypothesisId":"H1","location":"Esp.cpp:CollectEspRenderFrame","message":"frame_cam_only","data":{"players":1,"bots":8,"world":16,"entityPosScatter":0},"timestamp":1784059436608}
{"sessionId":"5681af","runId":"raid-gate","hypothesisId":"R","location":"Update.cpp:TickRaidGate","message":"raid_heartbeat","data":{"raw":1,"esp":1,"draw":1,"reason":"ok_stay","hubTok":"","world":"TheDam_02_P","level":"PersistentLevel","pawnName":"BP_PioneerCharacter_C","gsWorld":"","gsPtr":"0","party":21,"actors":1187,"partyPend":0,"enterPend":0,"gw":"3b57be020","pc":"11c7c41590","pawn":"12fab37480"},"timestamp":1784059437564}
{"sessionId":"5681af","runId":"post-fix","hypothesisId":"H2","location":"PositionRefreshPass.cpp","message":"pos_work","data":{"total":9,"players":1,"bots":8,"world":0,"cachedScatter":0},"timestamp":1784059437587}
{"sessionId":"5681af","runId":"post-fix","hypothesisId":"H1","location":"Esp.cpp:CollectEspRenderFrame","message":"frame_cam_only","data":{"players":1,"bots":8,"world":15,"entityPosScatter":0},"timestamp":1784059438614}
{"sessionId":"5681af","runId":"raid-gate","hypothesisId":"R","location":"Update.cpp:TickRaidGate","message":"raid_heartbeat","data":{"raw":1,"esp":1,"draw":1,"reason":"ok_stay","hubTok":"","world":"TheDam_02_P","level":"PersistentLevel","pawnName":"BP_PioneerCharacter_C","gsWorld":"","gsPtr":"0","party":21,"actors":1187,"partyPend":0,"enterPend":0,"gw":"3b57be020","pc":"11c7c41590","pawn":"12fab37480"},"timestamp":1784059439574}
{"sessionId":"5681af","runId":"post-fix","hypothesisId":"H2","location":"PositionRefreshPass.cpp","message":"pos_work","data":{"total":8,"players":1,"bots":7,"world":0,"cachedScatter":0},"timestamp":1784059439595}
{"sessionId":"5681af","runId":"post-fix","hypothesisId":"H1","location":"Esp.cpp:CollectEspRenderFrame","message":"frame_cam_only","data":{"players":1,"bots":7,"world":15,"entityPosScatter":0},"timestamp":1784059440623}
{"sessionId":"5681af","runId":"raid-gate","hypothesisId":"R","location":"Update.cpp:TickRaidGate","message":"raid_heartbeat","data":{"raw":1,"esp":1,"draw":1,"reason":"ok_stay","hubTok":"","world":"TheDam_02_P","level":"PersistentLevel","pawnName":"BP_PioneerCharacter_C","gsWorld":"","gsPtr":"0","party":21,"actors":1187,"partyPend":0,"enterPend":0,"gw":"3b57be020","pc":"11c7c41590","pawn":"12fab37480"},"timestamp":1784059441581}
{"sessionId":"5681af","runId":"post-fix","hypothesisId":"H2","location":"PositionRefreshPass.cpp","message":"pos_work","data":{"total":8,"players":1,"bots":7,"world":0,"cachedScatter":0},"timestamp":1784059441604}
{"sessionId":"5681af","runId":"post-fix","hypothesisId":"H1","location":"Esp.cpp:CollectEspRenderFrame","message":"frame_cam_only","data":{"players":1,"bots":7,"world":15,"entityPosScatter":0},"timestamp":1784059442637}
{"sessionId":"5681af","runId":"raid-gate","hypothesisId":"R","location":"Update.cpp:TickRaidGate","message":"raid_heartbeat","data":{"raw":1,"esp":1,"draw":1,"reason":"ok_stay","hubTok":"","world":"TheDam_02_P","level":"PersistentLevel","pawnName":"BP_PioneerCharacter_C","gsWorld":"","gsPtr":"0","party":21,"actors":1187,"partyPend":0,"enterPend":0,"gw":"3b57be020","pc":"11c7c41590","pawn":"12fab37480"},"timestamp":1784059443596}
{"sessionId":"5681af","runId":"post-fix","hypothesisId":"H2","location":"PositionRefreshPass.cpp","message":"pos_work","data":{"total":8,"players":1,"bots":7,"world":0,"cachedScatter":0},"timestamp":1784059443618}
{"sessionId":"5681af","runId":"post-fix","hypothesisId":"H1","location":"Esp.cpp:CollectEspRenderFrame","message":"frame_cam_only","data":{"players":1,"bots":7,"world":12,"entityPosScatter":0},"timestamp":1784059444649}
{"sessionId":"5681af","runId":"raid-gate","hypothesisId":"R","location":"Update.cpp:TickRaidGate","message":"raid_heartbeat","data":{"raw":1,"esp":1,"draw":1,"reason":"ok_stay","hubTok":"","world":"TheDam_02_P","level":"PersistentLevel","pawnName":"BP_PioneerCharacter_C","gsWorld":"","gsPtr":"0","party":21,"actors":1187,"partyPend":0,"enterPend":0,"gw":"3b57be020","pc":"11c7c41590","pawn":"12fab37480"},"timestamp":1784059445622}
{"sessionId":"5681af","runId":"post-fix","hypothesisId":"H2","location":"PositionRefreshPass.cpp","message":"pos_work","data":{"total":8,"players":1,"bots":7,"world":0,"cachedScatter":0},"timestamp":1784059445627}
{"sessionId":"5681af","runId":"post-fix","hypothesisId":"H1","location":"Esp.cpp:CollectEspRenderFrame","message":"frame_cam_only","data":{"players":1,"bots":7,"world":12,"entityPosScatter":0},"timestamp":1784059446679}
{"sessionId":"5681af","runId":"raid-gate","hypothesisId":"R","location":"Update.cpp:TickRaidGate","message":"raid_heartbeat","data":{"raw":1,"esp":1,"draw":1,"reason":"ok_stay","hubTok":"","world":"TheDam_02_P","level":"PersistentLevel","pawnName":"BP_PioneerCharacter_C","gsWorld":"","gsPtr":"0","party":21,"actors":1187,"partyPend":0,"enterPend":0,"gw":"3b57be020","pc":"11c7c41590","pawn":"12fab37480"},"timestamp":1784059447635}
{"sessionId":"5681af","runId":"post-fix","hypothesisId":"H2","location":"PositionRefreshPass.cpp","message":"pos_work","data":{"total":8,"players":1,"bots":7,"world":0,"cachedScatter":0},"timestamp":1784059447642}
{"sessionId":"5681af","runId":"post-fix","hypothesisId":"H1","location":"Esp.cpp:CollectEspRenderFrame","message":"frame_cam_only","data":{"players":1,"bots":7,"world":12,"entityPosScatter":0},"timestamp":1784059448686}
{"sessionId":"5681af","runId":"raid-gate","hypothesisId":"R","location":"Update.cpp:TickRaidGate","message":"raid_heartbeat","data":{"raw":1,"esp":1,"draw":1,"reason":"ok_stay","hubTok":"","world":"TheDam_02_P","level":"PersistentLevel","pawnName":"BP_PioneerCharacter_C","gsWorld":"","gsPtr":"0","party":21,"actors":1187,"partyPend":0,"enterPend":0,"gw":"3b57be020","pc":"11c7c41590","pawn":"12fab37480"},"timestamp":1784059449637}
{"sessionId":"5681af","runId":"post-fix","hypothesisId":"H2","location":"PositionRefreshPass.cpp","message":"pos_work","data":{"total":8,"players":1,"bots":7,"world":0,"cachedScatter":0},"timestamp":1784059449642}
{"sessionId":"5681af","runId":"post-fix","hypothesisId":"H1","location":"Esp.cpp:CollectEspRenderFrame","message":"frame_cam_only","data":{"players":1,"bots":7,"world":12,"entityPosScatter":0},"timestamp":1784059450702}
{"sessionId":"5681af","runId":"raid-gate","hypothesisId":"R","location":"Update.cpp:TickRaidGate","message":"raid_heartbeat","data":{"raw":1,"esp":1,"draw":1,"reason":"ok_stay","hubTok":"","world":"TheDam_02_P","level":"PersistentLevel","pawnName":"BP_PioneerCharacter_C","gsWorld":"","gsPtr":"0","party":21,"actors":1187,"partyPend":0,"enterPend":0,"gw":"3b57be020","pc":"11c7c41590","pawn":"12fab37480"},"timestamp":1784059451641}
{"sessionId":"5681af","runId":"post-fix","hypothesisId":"H2","location":"PositionRefreshPass.cpp","message":"pos_work","data":{"total":8,"players":1,"bots":7,"world":0,"cachedScatter":0},"timestamp":1784059451647}
{"sessionId":"5681af","runId":"post-fix","hypothesisId":"H1","location":"Esp.cpp:CollectEspRenderFrame","message":"frame_cam_only","data":{"players":1,"bots":7,"world":14,"entityPosScatter":0},"timestamp":1784059452704}
{"sessionId":"5681af","runId":"raid-gate","hypothesisId":"R","location":"Update.cpp:TickRaidGate","message":"raid_heartbeat","data":{"raw":1,"esp":1,"draw":1,"reason":"ok_stay","hubTok":"","world":"TheDam_02_P","level":"PersistentLevel","pawnName":"BP_PioneerCharacter_C","gsWorld":"","gsPtr":"0","party":21,"actors":1187,"partyPend":0,"enterPend":0,"gw":"3b57be020","pc":"11c7c41590","pawn":"12fab37480"},"timestamp":1784059453649}
{"sessionId":"5681af","runId":"post-fix","hypothesisId":"H2","location":"PositionRefreshPass.cpp","message":"pos_work","data":{"total":8,"players":1,"bots":7,"world":0,"cachedScatter":0},"timestamp":1784059453655}
{"sessionId":"5681af","runId":"post-fix","hypothesisId":"H1","location":"Esp.cpp:CollectEspRenderFrame","message":"frame_cam_only","data":{"players":1,"bots":7,"world":18,"entityPosScatter":0},"timestamp":1784059454715}
{"sessionId":"5681af","runId":"raid-gate","hypothesisId":"R","location":"Update.cpp:TickRaidGate","message":"raid_heartbeat","data":{"raw":1,"esp":1,"draw":1,"reason":"ok_stay","hubTok":"","world":"TheDam_02_P","level":"PersistentLevel","pawnName":"BP_PioneerCharacter_C","gsWorld":"","gsPtr":"0","party":21,"actors":1187,"partyPend":0,"enterPend":0,"gw":"3b57be020","pc":"11c7c41590","pawn":"12fab37480"},"timestamp":1784059455675}
{"sessionId":"5681af","runId":"post-fix","hypothesisId":"H2","location":"PositionRefreshPass.cpp","message":"pos_work","data":{"total":8,"players":1,"bots":7,"world":0,"cachedScatter":0},"timestamp":1784059455680}
{"sessionId":"5681af","runId":"post-fix","hypothesisId":"H1","location":"Esp.cpp:CollectEspRenderFrame","message":"frame_cam_only","data":{"players":1,"bots":7,"world":20,"entityPosScatter":0},"timestamp":1784059456736}
{"sessionId":"5681af","runId":"raid-gate","hypothesisId":"R","location":"Update.cpp:TickRaidGate","message":"raid_heartbeat","data":{"raw":1,"esp":1,"draw":1,"reason":"ok_stay","hubTok":"","world":"TheDam_02_P","level":"PersistentLevel","pawnName":"BP_PioneerCharacter_C","gsWorld":"","gsPtr":"0","party":21,"actors":1187,"partyPend":0,"enterPend":0,"gw":"3b57be020","pc":"11c7c41590","pawn":"12fab37480"},"timestamp":1784059457677}
{"sessionId":"5681af","runId":"post-fix","hypothesisId":"H2","location":"PositionRefreshPass.cpp","message":"pos_work","data":{"total":8,"players":1,"bots":7,"world":0,"cachedScatter":0},"timestamp":1784059457682}
{"sessionId":"5681af","runId":"post-fix","hypothesisId":"H1","location":"Esp.cpp:CollectEspRenderFrame","message":"frame_cam_only","data":{"players":1,"bots":7,"world":20,"entityPosScatter":0},"timestamp":1784059458747}
{"sessionId":"5681af","runId":"raid-gate","hypothesisId":"R","location":"Update.cpp:TickRaidGate","message":"raid_heartbeat","data":{"raw":1,"esp":1,"draw":1,"reason":"ok_stay","hubTok":"","world":"TheDam_02_P","level":"PersistentLevel","pawnName":"BP_PioneerCharacter_C","gsWorld":"","gsPtr":"0","party":21,"actors":1187,"partyPend":0,"enterPend":0,"gw":"3b57be020","pc":"11c7c41590","pawn":"12fab37480"},"timestamp":1784059459688}
{"sessionId":"5681af","runId":"post-fix","hypothesisId":"H2","location":"PositionRefreshPass.cpp","message":"pos_work","data":{"total":8,"players":1,"bots":7,"world":0,"cachedScatter":0},"timestamp":1784059459696}
{"sessionId":"5681af","runId":"post-fix","hypothesisId":"H1","location":"Esp.cpp:CollectEspRenderFrame","message":"frame_cam_only","data":{"players":1,"bots":7,"world":19,"entityPosScatter":0},"timestamp":1784059460774}
{"sessionId":"5681af","runId":"raid-gate","hypothesisId":"R","location":"Update.cpp:TickRaidGate","message":"raid_heartbeat","data":{"raw":1,"esp":1,"draw":1,"reason":"ok_stay","hubTok":"","world":"TheDam_02_P","level":"PersistentLevel","pawnName":"BP_PioneerCharacter_C","gsWorld":"","gsPtr":"0","party":21,"actors":1187,"partyPend":0,"enterPend":0,"gw":"3b57be020","pc":"11c7c41590","pawn":"12fab37480"},"timestamp":1784059461701}
{"sessionId":"5681af","runId":"post-fix","hypothesisId":"H2","location":"PositionRefreshPass.cpp","message":"pos_work","data":{"total":8,"players":1,"bots":7,"world":0,"cachedScatter":0},"timestamp":1784059461707}
{"sessionId":"5681af","runId":"post-fix","hypothesisId":"H1","location":"Esp.cpp:CollectEspRenderFrame","message":"frame_cam_only","data":{"players":1,"bots":7,"world":18,"entityPosScatter":0},"timestamp":1784059462784}
{"sessionId":"5681af","runId":"post-fix","hypothesisId":"H2","location":"PositionRefreshPass.cpp","message":"pos_work","data":{"total":8,"players":1,"bots":7,"world":0,"cachedScatter":0},"timestamp":1784059463714}
{"sessionId":"5681af","runId":"raid-gate","hypothesisId":"R","location":"Update.cpp:TickRaidGate","message":"raid_heartbeat","data":{"raw":1,"esp":1,"draw":1,"reason":"ok_stay","hubTok":"","world":"TheDam_02_P","level":"PersistentLevel","pawnName":"BP_PioneerCharacter_C","gsWorld":"","gsPtr":"0","party":21,"actors":1187,"partyPend":0,"enterPend":0,"gw":"3b57be020","pc":"11c7c41590","pawn":"12fab37480"},"timestamp":1784059463724}
{"sessionId":"5681af","runId":"post-fix","hypothesisId":"H1","location":"Esp.cpp:CollectEspRenderFrame","message":"frame_cam_only","data":{"players":1,"bots":7,"world":18,"entityPosScatter":0},"timestamp":1784059464806}
{"sessionId":"5681af","runId":"post-fix","hypothesisId":"H2","location":"PositionRefreshPass.cpp","message":"pos_work","data":{"total":8,"players":1,"bots":7,"world":0,"cachedScatter":0},"timestamp":1784059465726}
{"sessionId":"5681af","runId":"raid-gate","hypothesisId":"R","location":"Update.cpp:TickRaidGate","message":"raid_heartbeat","data":{"raw":1,"esp":1,"draw":1,"reason":"ok_stay","hubTok":"","world":"TheDam_02_P","level":"PersistentLevel","pawnName":"BP_PioneerCharacter_C","gsWorld":"","gsPtr":"0","party":21,"actors":1187,"partyPend":0,"enterPend":0,"gw":"3b57be020","pc":"11c7c41590","pawn":"12fab37480"},"timestamp":1784059465735}
{"sessionId":"5681af","runId":"post-fix","hypothesisId":"H1","location":"Esp.cpp:CollectEspRenderFrame","message":"frame_cam_only","data":{"players":1,"bots":7,"world":19,"entityPosScatter":0},"timestamp":1784059466813}
{"sessionId":"5681af","runId":"post-fix","hypothesisId":"H2","location":"PositionRefreshPass.cpp","message":"pos_work","data":{"total":8,"players":1,"bots":7,"world":0,"cachedScatter":0},"timestamp":1784059467730}
{"sessionId":"5681af","runId":"raid-gate","hypothesisId":"R","location":"Update.cpp:TickRaidGate","message":"raid_heartbeat","data":{"raw":1,"esp":1,"draw":1,"reason":"ok_stay","hubTok":"","world":"TheDam_02_P","level":"PersistentLevel","pawnName":"BP_PioneerCharacter_C","gsWorld":"","gsPtr":"0","party":21,"actors":1187,"partyPend":0,"enterPend":0,"gw":"3b57be020","pc":"11c7c41590","pawn":"12fab37480"},"timestamp":1784059467741}
{"sessionId":"5681af","runId":"post-fix","hypothesisId":"H1","location":"Esp.cpp:CollectEspRenderFrame","message":"frame_cam_only","data":{"players":1,"bots":7,"world":18,"entityPosScatter":0},"timestamp":1784059468826}
{"sessionId":"5681af","runId":"raid-gate","hypothesisId":"R","location":"Update.cpp:TickRaidGate","message":"raid_heartbeat","data":{"raw":1,"esp":1,"draw":1,"reason":"ok_stay","hubTok":"","world":"TheDam_02_P","level":"PersistentLevel","pawnName":"BP_PioneerCharacter_C","gsWorld":"","gsPtr":"0","party":21,"actors":1187,"partyPend":0,"enterPend":0,"gw":"3b57be020","pc":"11c7c41590","pawn":"12fab37480"},"timestamp":1784059469751}
{"sessionId":"5681af","runId":"post-fix","hypothesisId":"H2","location":"PositionRefreshPass.cpp","message":"pos_work","data":{"total":8,"players":1,"bots":7,"world":0,"cachedScatter":0},"timestamp":1784059469759}
{"sessionId":"5681af","runId":"post-fix","hypothesisId":"H1","location":"Esp.cpp:CollectEspRenderFrame","message":"frame_cam_only","data":{"players":1,"bots":7,"world":19,"entityPosScatter":0},"timestamp":1784059470833}
{"sessionId":"5681af","runId":"post-fix","hypothesisId":"H2","location":"PositionRefreshPass.cpp","message":"pos_work","data":{"total":8,"players":1,"bots":7,"world":0,"cachedScatter":0},"timestamp":1784059471765}
{"sessionId":"5681af","runId":"raid-gate","hypothesisId":"R","location":"Update.cpp:TickRaidGate","message":"raid_heartbeat","data":{"raw":1,"esp":1,"draw":1,"reason":"ok_stay","hubTok":"","world":"TheDam_02_P","level":"PersistentLevel","pawnName":"BP_PioneerCharacter_C","gsWorld":"","gsPtr":"0","party":21,"actors":1187,"partyPend":0,"enterPend":0,"gw":"3b57be020","pc":"11c7c41590","pawn":"12fab37480"},"timestamp":1784059471776}
{"sessionId":"5681af","runId":"post-fix","hypothesisId":"H1","location":"Esp.cpp:CollectEspRenderFrame","message":"frame_cam_only","data":{"players":1,"bots":7,"world":20,"entityPosScatter":0},"timestamp":1784059472834}
{"sessionId":"5681af","runId":"post-fix","hypothesisId":"H2","location":"PositionRefreshPass.cpp","message":"pos_work","data":{"total":8,"players":1,"bots":7,"world":0,"cachedScatter":0},"timestamp":1784059473779}
{"sessionId":"5681af","runId":"raid-gate","hypothesisId":"R","location":"Update.cpp:TickRaidGate","message":"raid_heartbeat","data":{"raw":1,"esp":1,"draw":1,"reason":"ok_stay","hubTok":"","world":"TheDam_02_P","level":"PersistentLevel","pawnName":"BP_PioneerCharacter_C","gsWorld":"","gsPtr":"0","party":21,"actors":1187,"partyPend":0,"enterPend":0,"gw":"3b57be020","pc":"11c7c41590","pawn":"12fab37480"},"timestamp":1784059473788}
{"sessionId":"5681af","runId":"post-fix","hypothesisId":"H1","location":"Esp.cpp:CollectEspRenderFrame","message":"frame_cam_only","data":{"players":1,"bots":7,"world":20,"entityPosScatter":0},"timestamp":1784059474883}
{"sessionId":"5681af","runId":"raid-gate","hypothesisId":"R","location":"Update.cpp:TickRaidGate","message":"raid_heartbeat","data":{"raw":1,"esp":1,"draw":1,"reason":"ok_stay","hubTok":"","world":"TheDam_02_P","level":"PersistentLevel","pawnName":"BP_PioneerCharacter_C","gsWorld":"","gsPtr":"0","party":21,"actors":1187,"partyPend":0,"enterPend":0,"gw":"3b57be020","pc":"11c7c41590","pawn":"12fab37480"},"timestamp":1784059475801}
{"sessionId":"5681af","runId":"post-fix","hypothesisId":"H2","location":"PositionRefreshPass.cpp","message":"pos_work","data":{"total":8,"players":1,"bots":7,"world":0,"cachedScatter":0},"timestamp":1784059475810}
{"sessionId":"5681af","runId":"post-fix","hypothesisId":"H1","location":"Esp.cpp:CollectEspRenderFrame","message":"frame_cam_only","data":{"players":0,"bots":7,"world":20,"entityPosScatter":0},"timestamp":1784059476890}
{"sessionId":"5681af","runId":"raid-gate","hypothesisId":"R","location":"Update.cpp:TickRaidGate","message":"raid_heartbeat","data":{"raw":1,"esp":1,"draw":1,"reason":"ok_stay","hubTok":"","world":"TheDam_02_P","level":"PersistentLevel","pawnName":"BP_PioneerCharacter_C","gsWorld":"","gsPtr":"0","party":21,"actors":1187,"partyPend":0,"enterPend":0,"gw":"3b57be020","pc":"11c7c41590","pawn":"12fab37480"},"timestamp":1784059477813}
{"sessionId":"5681af","runId":"post-fix","hypothesisId":"H2","location":"PositionRefreshPass.cpp","message":"pos_work","data":{"total":7,"players":0,"bots":7,"world":0,"cachedScatter":0},"timestamp":1784059477821}
{"sessionId":"5681af","runId":"post-fix","hypothesisId":"H1","location":"Esp.cpp:CollectEspRenderFrame","message":"frame_cam_only","data":{"players":0,"bots":7,"world":20,"entityPosScatter":0},"timestamp":1784059478890}
{"sessionId":"5681af","runId":"raid-gate","hypothesisId":"R","location":"Update.cpp:TickRaidGate","message":"raid_heartbeat","data":{"raw":1,"esp":1,"draw":1,"reason":"ok_stay","hubTok":"","world":"TheDam_02_P","level":"PersistentLevel","pawnName":"BP_PioneerCharacter_C","gsWorld":"","gsPtr":"0","party":21,"actors":1187,"partyPend":0,"enterPend":0,"gw":"3b57be020","pc":"11c7c41590","pawn":"12fab37480"},"timestamp":1784059479818}
{"sessionId":"5681af","runId":"post-fix","hypothesisId":"H2","location":"PositionRefreshPass.cpp","message":"pos_work","data":{"total":7,"players":0,"bots":7,"world":0,"cachedScatter":0},"timestamp":1784059479825}
{"sessionId":"5681af","runId":"post-fix","hypothesisId":"H1","location":"Esp.cpp:CollectEspRenderFrame","message":"frame_cam_only","data":{"players":0,"bots":7,"world":20,"entityPosScatter":0},"timestamp":1784059480911}
{"sessionId":"5681af","runId":"post-fix","hypothesisId":"H2","location":"PositionRefreshPass.cpp","message":"pos_work","data":{"total":7,"players":0,"bots":7,"world":0,"cachedScatter":0},"timestamp":1784059481829}
{"sessionId":"5681af","runId":"raid-gate","hypothesisId":"R","location":"Update.cpp:TickRaidGate","message":"raid_heartbeat","data":{"raw":1,"esp":1,"draw":1,"reason":"ok_stay","hubTok":"","world":"TheDam_02_P","level":"PersistentLevel","pawnName":"BP_PioneerCharacter_C","gsWorld":"","gsPtr":"0","party":21,"actors":1187,"partyPend":0,"enterPend":0,"gw":"3b57be020","pc":"11c7c41590","pawn":"12fab37480"},"timestamp":1784059481839}
{"sessionId":"5681af","runId":"post-fix","hypothesisId":"H1","location":"Esp.cpp:CollectEspRenderFrame","message":"frame_cam_only","data":{"players":0,"bots":7,"world":20,"entityPosScatter":0},"timestamp":1784059482923}
{"sessionId":"5681af","runId":"post-fix","hypothesisId":"H2","location":"PositionRefreshPass.cpp","message":"pos_work","data":{"total":7,"players":0,"bots":7,"world":0,"cachedScatter":0},"timestamp":1784059483837}
{"sessionId":"5681af","runId":"raid-gate","hypothesisId":"R","location":"Update.cpp:TickRaidGate","message":"raid_heartbeat","data":{"raw":1,"esp":1,"draw":1,"reason":"ok_stay","hubTok":"","world":"TheDam_02_P","level":"PersistentLevel","pawnName":"BP_PioneerCharacter_C","gsWorld":"","gsPtr":"0","party":21,"actors":1187,"partyPend":0,"enterPend":0,"gw":"3b57be020","pc":"11c7c41590","pawn":"12fab37480"},"timestamp":1784059483849}
{"sessionId":"5681af","runId":"post-fix","hypothesisId":"H1","location":"Esp.cpp:CollectEspRenderFrame","message":"frame_cam_only","data":{"players":0,"bots":7,"world":20,"entityPosScatter":0},"timestamp":1784059484933}
{"sessionId":"5681af","runId":"raid-gate","hypothesisId":"R","location":"Update.cpp:TickRaidGate","message":"raid_heartbeat","data":{"raw":1,"esp":1,"draw":1,"reason":"ok_stay","hubTok":"","world":"TheDam_02_P","level":"PersistentLevel","pawnName":"BP_PioneerCharacter_C","gsWorld":"","gsPtr":"0","party":21,"actors":1187,"partyPend":0,"enterPend":0,"gw":"3b57be020","pc":"11c7c41590","pawn":"12fab37480"},"timestamp":1784059485873}
{"sessionId":"5681af","runId":"post-fix","hypothesisId":"H2","location":"PositionRefreshPass.cpp","message":"pos_work","data":{"total":7,"players":0,"bots":7,"world":0,"cachedScatter":0},"timestamp":1784059485880}
{"sessionId":"5681af","runId":"post-fix","hypothesisId":"H1","location":"Esp.cpp:CollectEspRenderFrame","message":"frame_cam_only","data":{"players":0,"bots":7,"world":22,"entityPosScatter":0},"timestamp":1784059486942}
{"sessionId":"5681af","runId":"raid-gate","hypothesisId":"R","location":"Update.cpp:TickRaidGate","message":"raid_heartbeat","data":{"raw":1,"esp":1,"draw":1,"reason":"ok_stay","hubTok":"","world":"TheDam_02_P","level":"PersistentLevel","pawnName":"BP_PioneerCharacter_C","gsWorld":"","gsPtr":"0","party":21,"actors":1187,"partyPend":0,"enterPend":0,"gw":"3b57be020","pc":"11c7c41590","pawn":"12fab37480"},"timestamp":1784059487882}
{"sessionId":"5681af","runId":"post-fix","hypothesisId":"H2","location":"PositionRefreshPass.cpp","message":"pos_work","data":{"total":7,"players":0,"bots":7,"world":0,"cachedScatter":0},"timestamp":1784059487904}
{"sessionId":"5681af","runId":"post-fix","hypothesisId":"H1","location":"Esp.cpp:CollectEspRenderFrame","message":"frame_cam_only","data":{"players":0,"bots":7,"world":21,"entityPosScatter":0},"timestamp":1784059488944}
{"sessionId":"5681af","runId":"raid-gate","hypothesisId":"R","location":"Update.cpp:TickRaidGate","message":"raid_heartbeat","data":{"raw":1,"esp":1,"draw":1,"reason":"ok_stay","hubTok":"","world":"TheDam_02_P","level":"PersistentLevel","pawnName":"BP_PioneerCharacter_C","gsWorld":"","gsPtr":"0","party":21,"actors":1187,"partyPend":0,"enterPend":0,"gw":"3b57be020","pc":"11c7c41590","pawn":"12fab37480"},"timestamp":1784059489888}
{"sessionId":"5681af","runId":"post-fix","hypothesisId":"H2","location":"PositionRefreshPass.cpp","message":"pos_work","data":{"total":7,"players":0,"bots":7,"world":0,"cachedScatter":0},"timestamp":1784059489923}
{"sessionId":"5681af","runId":"post-fix","hypothesisId":"H1","location":"Esp.cpp:CollectEspRenderFrame","message":"frame_cam_only","data":{"players":0,"bots":7,"world":22,"entityPosScatter":0},"timestamp":1784059490944}
{"sessionId":"5681af","runId":"raid-gate","hypothesisId":"R","location":"Update.cpp:TickRaidGate","message":"raid_heartbeat","data":{"raw":1,"esp":1,"draw":1,"reason":"ok_stay","hubTok":"","world":"TheDam_02_P","level":"PersistentLevel","pawnName":"BP_PioneerCharacter_C","gsWorld":"","gsPtr":"0","party":21,"actors":1187,"partyPend":0,"enterPend":0,"gw":"3b57be020","pc":"11c7c41590","pawn":"12fab37480"},"timestamp":1784059491904}
{"sessionId":"5681af","runId":"post-fix","hypothesisId":"H2","location":"PositionRefreshPass.cpp","message":"pos_work","data":{"total":7,"players":0,"bots":7,"world":0,"cachedScatter":0},"timestamp":1784059491925}
{"sessionId":"5681af","runId":"post-fix","hypothesisId":"H1","location":"Esp.cpp:CollectEspRenderFrame","message":"frame_cam_only","data":{"players":0,"bots":7,"world":21,"entityPosScatter":0},"timestamp":1784059492958}
{"sessionId":"5681af","runId":"raid-gate","hypothesisId":"R","location":"Update.cpp:TickRaidGate","message":"raid_heartbeat","data":{"raw":1,"esp":1,"draw":1,"reason":"ok_stay","hubTok":"","world":"TheDam_02_P","level":"PersistentLevel","pawnName":"BP_PioneerCharacter_C","gsWorld":"","gsPtr":"0","party":21,"actors":1187,"partyPend":0,"enterPend":0,"gw":"3b57be020","pc":"11c7c41590","pawn":"12fab37480"},"timestamp":1784059493918}
{"sessionId":"5681af","runId":"post-fix","hypothesisId":"H2","location":"PositionRefreshPass.cpp","message":"pos_work","data":{"total":7,"players":0,"bots":7,"world":0,"cachedScatter":0},"timestamp":1784059493954}
{"sessionId":"5681af","runId":"post-fix","hypothesisId":"H1","location":"Esp.cpp:CollectEspRenderFrame","message":"frame_cam_only","data":{"players":0,"bots":7,"world":21,"entityPosScatter":0},"timestamp":1784059494968}
