cand=2 locked=77459512640 dx=81.7261 dy=-33.807 gain=5.69416 distPx=88.4424 lockMs=0 bodyEdg=-1 pull=1 onBody=0 zone=1 kmbox=1 shake=0 supp=0 smooth=1 fov=16.3 src=1
cand=2 locked=77459512640 dx=120.451 dy=24.0491 gain=0 distPx=122.829 lockMs=0 bodyEdg=-1 pull=1 onBody=0 zone=1 kmbox=1 shake=9.03672 supp=1 smooth=1 fov=16.3 src=1
cand=2 locked=77459512640 dx=2.07349 dy=51.6598 gain=5.03924 distPx=51.7014 lockMs=374.248 bodyEdg=-1 pull=1 onBody=0 zone=1 kmbox=1 shake=1.25967 supp=0 smooth=1 fov=16.3 src=1
cand=2 locked=77459512640 dx=9.26501 dy=-13.6393 gain=1.17647 distPx=25.9107 lockMs=973.348 bodyEdg=0.76747 pull=0.3 onBody=1 zone=1 kmbox=1 shake=0 supp=0 smooth=1 fov=16.3 src=1
cand=2 locked=77459512640 dx=0 dy=0 gain=0 distPx=6.39285 lockMs=1599.88 bodyEdg=0.321629 pull=0.12 onBody=1 zone=1 kmbox=1 shake=1.47578 supp=1 smooth=1 fov=16.3 src=1
cand=2 locked=77459512640 dx=16.5842 dy=-108.625 gain=6.07636 distPx=109.884 lockMs=2120.17 bodyEdg=-1 pull=1 onBody=0 zone=1 kmbox=1 shake=1.20367 supp=0 smooth=1 fov=16.3 src=1
cand=2 locked=77459512640 dx=15.1475 dy=-104.413 gain=5.99832 distPx=105.506 lockMs=2728.74 bodyEdg=-1 pull=1 onBody=0 zone=1 kmbox=1 shake=0 supp=0 smooth=1 fov=16.3 src=1
cand=2 locked=77459512640 dx=12.3722 dy=-51.5195 gain=5.06211 distPx=52.9843 lockMs=3261.91 bodyEdg=-1 pull=1 onBody=0 zone=1 kmbox=1 shake=0 supp=0 smooth=1 fov=16.3 src=1
cand=2 locked=77459512640 dx=5.68323 dy=1.40063 gain=3.92157 distPx=5.85328 lockMs=4155.56 bodyEdg=-1 pull=1 onBody=0 zone=1 kmbox=1 shake=0 supp=0 smooth=1 fov=16.3 src=1
cand=2 locked=77459512640 dx=4.79047 dy=226.825 gain=0 distPx=226.875 lockMs=5090.6 bodyEdg=-1 pull=1 onBody=0 zone=1 kmbox=1 shake=1.63112 supp=1 smooth=1 fov=16.3 src=1
cand=1 locked=17169746880 dx=47.1801 dy=-37.2115 gain=0 distPx=60.0887 lockMs=0 bodyEdg=-1 pull=1 onBody=0 zone=1 kmbox=1 shake=7.38862 supp=1 smooth=1 fov=16.3 src=1
cand=1 locked=17169746880 dx=85.002 dy=-29.4333 gain=5.7211 distPx=89.9536 lockMs=515.783 bodyEdg=-1 pull=1 onBody=0 zone=1 kmbox=1 shake=1.11399 supp=0 smooth=1 fov=16.3 src=1
cand=1 locked=17169746880 dx=110.575 dy=-27.2094 gain=6.14749 distPx=113.874 lockMs=1112.68 bodyEdg=-1 pull=1 onBody=0 zone=1 kmbox=1 shake=0.577855 supp=0 smooth=1 fov=16.3 src=1
cand=1 locked=17169746880 dx=78.8409 dy=-116.348 gain=0 distPx=140.545 lockMs=1702.85 bodyEdg=-1 pull=1 onBody=0 zone=1 kmbox=1 shake=1.40671 supp=1 smooth=1 fov=16.3 src=1
cand=1 locked=17169746880 dx=-38.2204 dy=-225.021 gain=8.03922 distPx=228.244 lockMs=2284.53 bodyEdg=-1 pull=1 onBody=0 zone=1 kmbox=1 shake=0.810386 supp=0 smooth=1 fov=16.3 src=1
cand=2 locked=77224083520 dx=6.37404 dy=144.832 gain=0 distPx=144.973 lockMs=0 bodyEdg=-1 pull=1 onBody=0 zone=0 kmbox=1 shake=15.3979 supp=1 smooth=1 fov=16.3 src=0
cand=1 locked=77224083520 dx=549.047 dy=146.837 gain=8.03922 distPx=568.343 lockMs=594.757 bodyEdg=-1 pull=1 onBody=0 zone=0 kmbox=1 shake=0.0258238 supp=0 smooth=1 fov=16.3 src=0
cand=1 locked=77224083520 dx=500.275 dy=125.593 gain=8.03922 distPx=515.799 lockMs=1170.9 bodyEdg=-1 pull=1 onBody=0 zone=0 kmbox=1 shake=0 supp=0 smooth=1 fov=16.3 src=0
cand=2 locked=77224083520 dx=434.107 dy=96.7668 gain=8.03922 distPx=444.761 lockMs=1782.17 bodyEdg=-1 pull=1 onBody=0 zone=0 kmbox=1 shake=0 supp=0 smooth=1 fov=16.3 src=0
cand=2 locked=77224083520 dx=419.509 dy=86.8435 gain=8.03922 distPx=428.404 lockMs=2413.09 bodyEdg=-1 pull=1 onBody=0 zone=0 kmbox=1 shake=0 supp=0 smooth=1 fov=16.3 src=0
cand=2 locked=77224083520 dx=370.436 dy=78.0544 gain=8.03922 distPx=378.57 lockMs=3008.91 bodyEdg=-1 pull=1 onBody=0 zone=0 kmbox=1 shake=0 supp=0 smooth=1 fov=16.3 src=0
cand=3 locked=77224083520 dx=326.978 dy=55.7783 gain=8.03922 distPx=331.701 lockMs=3588.62 bodyEdg=-1 pull=1 onBody=0 zone=0 kmbox=1 shake=0 supp=0 smooth=1 fov=16.3 src=0
cand=3 locked=77224083520 dx=95.4416 dy=28.7514 gain=0 distPx=99.6782 lockMs=4167.51 bodyEdg=-1 pull=1 onBody=0 zone=0 kmbox=1 shake=5.30847 supp=1 smooth=1 fov=16.3 src=0
cand=3 locked=77224083520 dx=46.9907 dy=12.3583 gain=0 distPx=48.5886 lockMs=4763.18 bodyEdg=-1 pull=1 onBody=0 zone=0 kmbox=1 shake=1.79494 supp=1 smooth=1 fov=16.3 src=0
cand=4 locked=77224083520 dx=21.1329 dy=1.29252 gain=4.49505 distPx=21.1724 lockMs=5331.08 bodyEdg=-1 pull=1 onBody=0 zone=0 kmbox=1 shake=0 supp=0 smooth=1 fov=16.3 src=0
cand=4 locked=77224083520 dx=-9.37407 dy=0.979521 gain=3.92157 distPx=9.4251 lockMs=5923.89 bodyEdg=-1 pull=1 onBody=0 zone=0 kmbox=1 shake=0.159607 supp=0 smooth=1 fov=16.3 src=0
cand=4 locked=77224083520 dx=14.4376 dy=-11.3446 gain=0 distPx=18.3615 lockMs=6533.54 bodyEdg=-1 pull=1 onBody=0 zone=0 kmbox=1 shake=1.41366 supp=1 smooth=1 fov=16.3 src=0
cand=4 locked=77224083520 dx=-3.55694 dy=6.88149 gain=0 distPx=7.7464 lockMs=7127.53 bodyEdg=-1 pull=1 onBody=0 zone=0 kmbox=1 shake=1.41356 supp=1 smooth=1 fov=16.3 src=0
cand=4 locked=77224083520 dx=5.75529 dy=-13.3762 gain=0 distPx=14.5618 lockMs=7706.27 bodyEdg=-1 pull=1 onBody=0 zone=0 kmbox=1 shake=1.50982 supp=1 smooth=1 fov=16.3 src=0
cand=4 locked=77224083520 dx=-0.758766 dy=-0.576027 gain=3.92157 distPx=0.952645 lockMs=8286.29 bodyEdg=-1 pull=1 onBody=0 zone=0 kmbox=1 shake=1.29917 supp=0 smooth=1 fov=16.3 src=0
cand=1 locked=77224089472 dx=126.525 dy=82.9108 gain=0 distPx=151.27 lockMs=0 bodyEdg=-1 pull=1 onBody=0 zone=1 kmbox=1 shake=66.6236 supp=1 smooth=1 fov=16.3 src=1
cand=1 locked=77224089472 dx=154.613 dy=65.0479 gain=0 distPx=167.739 lockMs=564.117 bodyEdg=-1 pull=1 onBody=0 zone=1 kmbox=1 shake=1.43057 supp=1 smooth=1 fov=16.3 src=1
cand=2 locked=77224089472 dx=172.674 dy=25.316 gain=0 distPx=174.52 lockMs=1173.68 bodyEdg=-1 pull=1 onBody=0 zone=1 kmbox=1 shake=1.85649 supp=1 smooth=1 fov=16.3 src=1
cand=4 locked=77224089472 dx=193.196 dy=19.9321 gain=0 distPx=194.222 lockMs=1750.95 bodyEdg=-1 pull=1 onBody=0 zone=1 kmbox=1 shake=1.42869 supp=1 smooth=1 fov=16.3 src=1
cand=3 locked=76221418432 dx=-21.9569 dy=161.05 gain=0 distPx=162.54 lockMs=0 bodyEdg=-1 pull=1 onBody=0 zone=0 kmbox=1 shake=12.6081 supp=1 smooth=1 fov=16.3 src=0
cand=4 locked=77738755584 dx=5.18971 dy=-3.10889 gain=3.92157 distPx=6.04966 lockMs=282.501 bodyEdg=-1 pull=1 onBody=0 zone=0 kmbox=1 shake=0.310764 supp=0 smooth=1 fov=16.3 src=0
cand=4 locked=77738755584 dx=-1.6583 dy=0.0822184 gain=3.92157 distPx=1.66034 lockMs=862.183 bodyEdg=-1 pull=1 onBody=0 zone=0 kmbox=1 shake=0.654606 supp=0 smooth=1 fov=16.3 src=0
cand=2 locked=77738755584 dx=-128.958 dy=129.234 gain=7.372 distPx=182.569 lockMs=1425.99 bodyEdg=-1 pull=1 onBody=0 zone=0 kmbox=1 shake=0.0506559 supp=0 smooth=1 fov=16.3 src=0
cand=4 locked=77738755584 dx=-104.592 dy=97.9295 gain=0 distPx=143.282 lockMs=2026.67 bodyEdg=-1 pull=1 onBody=0 zone=0 kmbox=1 shake=1.74458 supp=1 smooth=1 fov=16.3 src=0
cand=4 locked=77738755584 dx=-48.5248 dy=-1.1664 gain=0 distPx=48.5388 lockMs=2627.04 bodyEdg=-1 pull=1 onBody=0 zone=0 kmbox=1 shake=1.59383 supp=1 smooth=1 fov=16.3 src=0
cand=4 locked=77738755584 dx=-10.2203 dy=-2.51373 gain=0 distPx=10.5249 lockMs=3221.56 bodyEdg=-1 pull=1 onBody=0 zone=0 kmbox=1 shake=1.6251 supp=1 smooth=1 fov=16.3 src=0
cand=4 locked=77738755584 dx=1.49557 dy=-0.18385 gain=3.92157 distPx=1.50683 lockMs=3816.93 bodyEdg=-1 pull=1 onBody=0 zone=0 kmbox=1 shake=0.0800745 supp=0 smooth=1 fov=16.3 src=0
cand=4 locked=77738755584 dx=2.78314 dy=-0.279964 gain=3.92157 distPx=2.79719 lockMs=4428.99 bodyEdg=-1 pull=1 onBody=0 zone=0 kmbox=1 shake=0.217551 supp=0 smooth=1 fov=16.3 src=0
cand=4 locked=77738755584 dx=8.49286 dy=0.0380963 gain=3.92157 distPx=8.49295 lockMs=5011.26 bodyEdg=-1 pull=1 onBody=0 zone=0 kmbox=1 shake=0.0332365 supp=0 smooth=1 fov=16.3 src=0
cand=4 locked=77738755584 dx=2.85696 dy=-0.0966228 gain=3.92157 distPx=2.8586 lockMs=5621.03 bodyEdg=-1 pull=1 onBody=0 zone=0 kmbox=1 shake=0.136185 supp=0 smooth=1 fov=16.3 src=0
cand=4 locked=77738755584 dx=2.0184 dy=1.15495 gain=3.92157 distPx=2.32548 lockMs=6201.2 bodyEdg=-1 pull=1 onBody=0 zone=0 kmbox=1 shake=0.0447006 supp=0 smooth=1 fov=16.3 src=0
cand=4 locked=77738755584 dx=2.44031 dy=1.24141 gain=3.92157 distPx=2.73792 lockMs=6814.24 bodyEdg=-1 pull=1 onBody=0 zone=0 kmbox=1 shake=0.611429 supp=0 smooth=1 fov=16.3 src=0
cand=2 locked=77462175808 dx=101.693 dy=-9.5933 gain=0 distPx=102.145 lockMs=0 bodyEdg=-1 pull=1 onBody=0 zone=1 kmbox=1 shake=46.1157 supp=1 smooth=1 fov=16.3 src=0
cand=2 locked=77462175808 dx=120.422 dy=0.528556 gain=0 distPx=120.423 lockMs=595.398 bodyEdg=-1 pull=1 onBody=0 zone=1 kmbox=1 shake=1.35413 supp=1 smooth=1 fov=16.3 src=0
cand=2 locked=77462175808 dx=136.143 dy=38.456 gain=6.63939 distPx=141.47 lockMs=1205.23 bodyEdg=-1 pull=1 onBody=0 zone=1 kmbox=1 shake=0.139416 supp=0 smooth=1 fov=16.3 src=0
cand=2 locked=77462175808 dx=95.5369 dy=54.6107 gain=0 distPx=110.044 lockMs=1801.18 bodyEdg=-1 pull=1 onBody=0 zone=1 kmbox=1 shake=3.14787 supp=1 smooth=1 fov=16.3 src=0
cand=2 locked=77462175808 dx=51.8335 dy=110.488 gain=0 distPx=122.042 lockMs=2394.01 bodyEdg=-1 pull=1 onBody=0 zone=1 kmbox=1 shake=1.55805 supp=1 smooth=1 fov=16.3 src=0
cand=2 locked=77462175808 dx=21.9545 dy=68.8625 gain=5.40602 distPx=72.2776 lockMs=2986.08 bodyEdg=-1 pull=1 onBody=0 zone=1 kmbox=1 shake=0 supp=0 smooth=1 fov=16.3 src=0
cand=2 locked=77462175808 dx=-3.21087 dy=6.52148 gain=3.92157 distPx=7.26907 lockMs=3565.22 bodyEdg=-1 pull=1 onBody=0 zone=1 kmbox=1 shake=0 supp=0 smooth=1 fov=16.3 src=0
cand=1 locked=77463754624 dx=-8.79138 dy=117.184 gain=6.21236 distPx=117.514 lockMs=0 bodyEdg=-1 pull=1 onBody=0 zone=0 kmbox=1 shake=0 supp=0 smooth=1 fov=16.3 src=1
cand=1 locked=77463754624 dx=-1.31995 dy=71.8077 gain=5.39786 distPx=71.8199 lockMs=516.224 bodyEdg=-1 pull=1 onBody=0 zone=0 kmbox=1 shake=1.1364 supp=0 smooth=1 fov=16.3 src=1
cand=1 locked=77463754624 dx=0.717285 dy=27.6235 gain=4.61021 distPx=27.6328 lockMs=1177.85 bodyEdg=-1 pull=1 onBody=0 zone=0 kmbox=1 shake=0 supp=0 smooth=1 fov=16.3 src=1
cand=1 locked=77463754624 dx=-0.647705 dy=-10.8427 gain=3.92157 distPx=10.862 lockMs=1835.7 bodyEdg=-1 pull=1 onBody=0 zone=0 kmbox=1 shake=0.531286 supp=0 smooth=1 fov=16.3 src=1
cand=1 locked=77463754624 dx=1.84827 dy=8.87207 gain=3.92157 distPx=9.06254 lockMs=2353.74 bodyEdg=-1 pull=1 onBody=0 zone=0 kmbox=1 shake=0.576657 supp=0 smooth=1 fov=16.3 src=1
cand=3 locked=77463754624 dx=729.39 dy=-171.065 gain=8.03922 distPx=749.182 lockMs=3025.43 bodyEdg=-1 pull=1 onBody=0 zone=0 kmbox=1 shake=0 supp=0 smooth=1 fov=16.3 src=1
cand=1 locked=77463754624 dx=475.111 dy=-57.1364 gain=0 distPx=478.534 lockMs=3680.64 bodyEdg=-1 pull=1 onBody=0 zone=0 kmbox=1 shake=10.5555 supp=1 smooth=1 fov=16.3 src=1
cand=1 locked=77463754624 dx=146.677 dy=-7.04675 gain=0 distPx=146.846 lockMs=0 bodyEdg=-1 pull=1 onBody=0 zone=0 kmbox=1 shake=22.0399 supp=1 smooth=1 fov=16.3 src=1
cand=1 locked=77463754624 dx=104.541 dy=3.25647 gain=0 distPx=104.591 lockMs=654.919 bodyEdg=-1 pull=1 onBody=0 zone=0 kmbox=1 shake=2.03993 supp=1 smooth=1 fov=16.3 src=1
cand=1 locked=77463754624 dx=65.7946 dy=-1.13306 gain=5.29063 distPx=65.8043 lockMs=1328.96 bodyEdg=-1 pull=1 onBody=0 zone=0 kmbox=1 shake=0.952239 supp=0 smooth=1 fov=16.3 src=1
cand=2 locked=79943124480 dx=151.874 dy=-89.401 gain=0 distPx=176.233 lockMs=0 bodyEdg=-1 pull=1 onBody=0 zone=0 kmbox=1 shake=135.024 supp=1 smooth=1 fov=16.3 src=0
cand=2 locked=79943124480 dx=129.543 dy=-61.9369 gain=0 distPx=143.588 lockMs=618.271 bodyEdg=-1 pull=1 onBody=0 zone=0 kmbox=1 shake=2.0681 supp=1 smooth=1 fov=16.3 src=0
cand=2 locked=79943124480 dx=75.4823 dy=-23.9982 gain=5.52951 distPx=79.2054 lockMs=1231.13 bodyEdg=-1 pull=1 onBody=0 zone=0 kmbox=1 shake=0.466861 supp=0 smooth=1 fov=16.3 src=0
cand=2 locked=79943124480 dx=52.5639 dy=-9.3061 gain=5.06919 distPx=53.3814 lockMs=1849.33 bodyEdg=-1 pull=1 onBody=0 zone=0 kmbox=1 shake=0 supp=0 smooth=1 fov=16.3 src=0
cand=2 locked=79943124480 dx=27.3441 dy=0.222006 gain=4.60508 distPx=27.345 lockMs=2449.78 bodyEdg=-1 pull=1 onBody=0 zone=0 kmbox=1 shake=0.299483 supp=0 smooth=1 fov=16.3 src=0
cand=2 locked=79943124480 dx=5.64273 dy=-2.55849 gain=3.92157 distPx=6.19567 lockMs=2969.22 bodyEdg=-1 pull=1 onBody=0 zone=0 kmbox=1 shake=0.00315285 supp=0 smooth=1 fov=16.3 src=0
cand=1 locked=78991077056 dx=3.03955 dy=-15.339 gain=0 distPx=15.6372 lockMs=0 bodyEdg=-1 pull=1 onBody=0 zone=1 kmbox=1 shake=120.508 supp=1 smooth=1 fov=16.3 src=1
cand=1 locked=78991077056 dx=-80.8094 dy=-134.159 gain=0 distPx=156.617 lockMs=647.369 bodyEdg=-1 pull=1 onBody=0 zone=1 kmbox=1 shake=8.18028 supp=1 smooth=1 fov=16.3 src=1
cand=1 locked=78991077056 dx=59.7451 dy=-90.1962 gain=0 distPx=108.189 lockMs=0 bodyEdg=-1 pull=1 onBody=0 zone=1 kmbox=1 shake=21.1988 supp=1 smooth=1 fov=16.3 src=1
cand=1 locked=78991077056 dx=47.5765 dy=-36.9996 gain=0 distPx=60.2702 lockMs=0 bodyEdg=-1 pull=1 onBody=0 zone=1 kmbox=1 shake=19.1553 supp=1 smooth=1 fov=16.3 src=1
cand=1 locked=78991077056 dx=-25.4287 dy=69.5022 gain=0 distPx=74.0079 lockMs=693.405 bodyEdg=-1 pull=1 onBody=0 zone=1 kmbox=1 shake=5.96614 supp=1 smooth=1 fov=16.3 src=1
cand=1 locked=78991077056 dx=-14.1412 dy=30.8633 gain=4.72279 distPx=33.9487 lockMs=1385.57 bodyEdg=-1 pull=1 onBody=0 zone=1 kmbox=1 shake=0.382856 supp=0 smooth=1 fov=16.3 src=1
cand=1 locked=78991077056 dx=-0.467651 dy=47.6021 gain=4.96621 distPx=47.6044 lockMs=2063.61 bodyEdg=-1 pull=1 onBody=0 zone=1 kmbox=1 shake=0.870414 supp=0 smooth=1 fov=16.3 src=1
cand=1 locked=78991077056 dx=-16.0571 dy=56.3038 gain=0 distPx=58.5487 lockMs=2786.19 bodyEdg=-1 pull=1 onBody=0 zone=1 kmbox=1 shake=6.2857 supp=1 smooth=1 fov=16.3 src=1
cand=1 locked=78991077056 dx=-17.9662 dy=54.3385 gain=0 distPx=57.2316 lockMs=3493.37 bodyEdg=-1 pull=1 onBody=0 zone=1 kmbox=1 shake=3.63732 supp=1 smooth=1 fov=16.3 src=1
cand=1 locked=78991077056 dx=-76.5012 dy=106.098 gain=0 distPx=130.802 lockMs=4201.72 bodyEdg=-1 pull=1 onBody=0 zone=1 kmbox=1 shake=1.6492 supp=1 smooth=1 fov=16.3 src=1
cand=2 locked=78991077056 dx=-4.6662 dy=5.15717 gain=0.784314 distPx=410.196 lockMs=4910.06 bodyEdg=0.173413 pull=0.2 onBody=1 zone=1 kmbox=1 shake=0.853345 supp=0 smooth=1 fov=16.3 src=1
cand=2 locked=78991077056 dx=-85.1824 dy=-13.4625 gain=0 distPx=86.2396 lockMs=5602.72 bodyEdg=-1 pull=1 onBody=0 zone=1 kmbox=1 shake=2.30191 supp=1 smooth=1 fov=16.3 src=1
cand=1 locked=78991077056 dx=35.0545 dy=-70.2959 gain=0 distPx=78.5514 lockMs=0 bodyEdg=-1 pull=1 onBody=0 zone=1 kmbox=1 shake=54.491 supp=1 smooth=1 fov=16.3 src=1
cand=1 locked=78991077056 dx=5.60651 dy=25.3499 gain=0 distPx=25.5916 lockMs=0 bodyEdg=0.545587 pull=0.2 onBody=1 zone=1 kmbox=1 shake=24.1452 supp=1 smooth=1 fov=16.3 src=1
cand=1 locked=78991077056 dx=46.2755 dy=37.235 gain=5.1764 distPx=59.3958 lockMs=724.518 bodyEdg=-1 pull=1 onBody=0 zone=1 kmbox=1 shake=1.29316 supp=0 smooth=1 fov=16.3 src=1
cand=1 locked=78991077056 dx=93.6483 dy=56.6146 gain=0 distPx=109.431 lockMs=1431.03 bodyEdg=-1 pull=1 onBody=0 zone=1 kmbox=1 shake=2.50945 supp=1 smooth=1 fov=16.3 src=1
cand=1 locked=78991077056 dx=-5.04321 dy=62.45 gain=0 distPx=62.6533 lockMs=2153.37 bodyEdg=-1 pull=1 onBody=0 zone=1 kmbox=1 shake=1.93212 supp=1 smooth=1 fov=16.3 src=1
cand=2 locked=76394153472 dx=99.8825 dy=-121.908 gain=6.92693 distPx=157.601 lockMs=0 bodyEdg=-1 pull=1 onBody=0 zone=1 kmbox=1 shake=0 supp=0 smooth=1 fov=16.3 src=0
cand=2 locked=76394153472 dx=0 dy=0 gain=0 distPx=6.37467 lockMs=520.99 bodyEdg=0.597043 pull=0.12 onBody=1 zone=1 kmbox=1 shake=0 supp=0 smooth=1 fov=16.3 src=0
cand=2 locked=76394153472 dx=0 dy=0 gain=0 distPx=9.14316 lockMs=1028.63 bodyEdg=0.467285 pull=0.12 onBody=1 zone=1 kmbox=1 shake=0.00307061 supp=0 smooth=1 fov=16.3 src=0
cand=2 locked=76394153472 dx=37.4134 dy=22.1209 gain=0 distPx=43.4637 lockMs=0 bodyEdg=-1 pull=1 onBody=0 zone=1 kmbox=1 shake=4.883 supp=1 smooth=1 fov=16.3 src=0
cand=2 locked=76394153472 dx=0 dy=0 gain=0 distPx=6.86039 lockMs=521.412 bodyEdg=0.577606 pull=0.12 onBody=1 zone=1 kmbox=1 shake=0 supp=0 smooth=1 fov=16.3 src=0
cand=2 locked=76394153472 dx=0 dy=0 gain=0 distPx=2.1522 lockMs=1025.49 bodyEdg=0.431808 pull=0.12 onBody=1 zone=1 kmbox=1 shake=0 supp=0 smooth=1 fov=16.3 src=0
cand=2 locked=76394153472 dx=0 dy=0 gain=0 distPx=10.1816 lockMs=1545.5 bodyEdg=0.41076 pull=0.12 onBody=1 zone=1 kmbox=1 shake=0 supp=0 smooth=1 fov=16.3 src=0
cand=2 locked=76394153472 dx=0 dy=0 gain=0 distPx=6.86832 lockMs=2067.06 bodyEdg=0.495932 pull=0.12 onBody=1 zone=1 kmbox=1 shake=0.326136 supp=0 smooth=1 fov=16.3 src=0
cand=2 locked=76394153472 dx=0 dy=0 gain=0 distPx=13.1892 lockMs=2572.9 bodyEdg=0.30577 pull=0.12 onBody=1 zone=1 kmbox=1 shake=0 supp=0 smooth=1 fov=16.3 src=0
cand=3 locked=76394153472 dx=0 dy=0 gain=0 distPx=6.05116 lockMs=3094.7 bodyEdg=0.560564 pull=0.12 onBody=1 zone=1 kmbox=1 shake=0.0554581 supp=0 smooth=1 fov=16.3 src=0
cand=3 locked=76394153472 dx=16.7773 dy=9.07582 gain=3.92157 distPx=19.0749 lockMs=3602.24 bodyEdg=-1 pull=1 onBody=0 zone=1 kmbox=1 shake=0.306249 supp=0 smooth=1 fov=16.3 src=0
cand=3 locked=76394153472 dx=7.61087 dy=5.74822 gain=3.92157 distPx=9.53769 lockMs=4186.84 bodyEdg=-1 pull=1 onBody=0 zone=1 kmbox=1 shake=0.41808 supp=0 smooth=1 fov=16.3 src=0
cand=3 locked=76394153472 dx=-25.6222 dy=19.3463 gain=4.68994 distPx=32.1057 lockMs=4757.03 bodyEdg=-1 pull=1 onBody=0 zone=1 kmbox=1 shake=0.075232 supp=0 smooth=1 fov=16.3 src=0
cand=3 locked=76394153472 dx=-29.701 dy=15.4275 gain=4.71424 distPx=33.4687 lockMs=5294.41 bodyEdg=-1 pull=1 onBody=0 zone=1 kmbox=1 shake=0 supp=0 smooth=1 fov=16.3 src=0
cand=3 locked=76394153472 dx=-32.1107 dy=11.2253 gain=4.724 distPx=34.0162 lockMs=5894.59 bodyEdg=-1 pull=1 onBody=0 zone=1 kmbox=1 shake=0.390761 supp=0 smooth=1 fov=16.3 src=0
cand=4 locked=76394153472 dx=-41.3843 dy=9.36748 gain=4.874 distPx=42.4312 lockMs=6450.98 bodyEdg=-1 pull=1 onBody=0 zone=1 kmbox=1 shake=0 supp=0 smooth=1 fov=16.3 src=0
cand=3 locked=76394153472 dx=63.8242 dy=17.827 gain=0 distPx=66.2672 lockMs=0 bodyEdg=-1 pull=1 onBody=0 zone=0 kmbox=1 shake=1.7308 supp=1 smooth=1 fov=16.3 src=0
cand=3 locked=76394153472 dx=84.1586 dy=27.376 gain=5.69517 distPx=88.4992 lockMs=514.919 bodyEdg=-1 pull=1 onBody=0 zone=0 kmbox=1 shake=0.293841 supp=0 smooth=1 fov=16.3 src=0
cand=3 locked=76394153472 dx=49.8046 dy=7.49783 gain=5.01543 distPx=50.3658 lockMs=1018.17 bodyEdg=-1 pull=1 onBody=0 zone=0 kmbox=1 shake=0.612595 supp=0 smooth=1 fov=16.3 src=0
cand=3 locked=76394153472 dx=17.4297 dy=-1.99082 gain=3.92157 distPx=17.5431 lockMs=1648.47 bodyEdg=-1 pull=1 onBody=0 zone=0 kmbox=1 shake=0.281601 supp=0 smooth=1 fov=16.3 src=0
cand=3 locked=76394153472 dx=3.0589 dy=1.8724 gain=3.92157 distPx=3.58646 lockMs=2281.59 bodyEdg=-1 pull=1 onBody=0 zone=0 kmbox=1 shake=0.0578499 supp=0 smooth=1 fov=16.3 src=0
cand=1 locked=76625584896 dx=-41.0905 dy=57.017 gain=0 distPx=70.2806 lockMs=0 bodyEdg=-1 pull=1 onBody=0 zone=0 kmbox=1 shake=23.4314 supp=1 smooth=1 fov=16.3 src=1
cand=1 locked=76625584896 dx=-37.9612 dy=62.5518 gain=5.42192 distPx=73.1695 lockMs=598.652 bodyEdg=-1 pull=1 onBody=0 zone=0 kmbox=1 shake=1.18457 supp=0 smooth=1 fov=16.3 src=1
cand=1 locked=76625584896 dx=-20.544 dy=45.911 gain=5.01422 distPx=50.2979 lockMs=1166.69 bodyEdg=-1 pull=1 onBody=0 zone=0 kmbox=1 shake=0.405289 supp=0 smooth=1 fov=16.3 src=1
cand=3 locked=76625584896 dx=-311.897 dy=-104.677 gain=8.03922 distPx=328.994 lockMs=1793.3 bodyEdg=-1 pull=1 onBody=0 zone=0 kmbox=1 shake=0 supp=0 smooth=1 fov=16.3 src=1
cand=3 locked=76625584896 dx=-306.351 dy=-111.445 gain=8.03922 distPx=325.992 lockMs=2406.79 bodyEdg=-1 pull=1 onBody=0 zone=0 kmbox=1 shake=0.32347 supp=0 smooth=1 fov=16.3 src=1
cand=3 locked=80046659456 dx=142.519 dy=-26.4385 gain=6.70143 distPx=144.95 lockMs=457.71 bodyEdg=-1 pull=1 onBody=0 zone=1 kmbox=1 shake=0.746728 supp=0 smooth=1 fov=16.3 src=1
cand=3 locked=80046659456 dx=135.15 dy=-16.009 gain=6.54358 distPx=136.095 lockMs=1071.59 bodyEdg=-1 pull=1 onBody=0 zone=1 kmbox=1 shake=0.355314 supp=0 smooth=1 fov=16.3 src=1
cand=3 locked=76394153472 dx=0 dy=0 gain=0 distPx=2.09593 lockMs=317.841 bodyEdg=0.496551 pull=0.12 onBody=1 zone=1 kmbox=1 shake=0.045252 supp=0 smooth=1 fov=16.3 src=0
cand=3 locked=76394153472 dx=0 dy=0 gain=0 distPx=2.30279 lockMs=965.099 bodyEdg=0.493244 pull=0.12 onBody=1 zone=1 kmbox=1 shake=0 supp=0 smooth=1 fov=16.3 src=0
cand=3 locked=76394153472 dx=0 dy=0 gain=0 distPx=0.700749 lockMs=1611.54 bodyEdg=0.537155 pull=0.12 onBody=1 zone=1 kmbox=1 shake=0.419254 supp=0 smooth=1 fov=16.3 src=0
cand=3 locked=76394153472 dx=83.2573 dy=4.33938 gain=5.60375 distPx=83.3703 lockMs=2245.62 bodyEdg=-1 pull=1 onBody=0 zone=1 kmbox=1 shake=0 supp=0 smooth=1 fov=16.3 src=0
cand=3 locked=80748126976 dx=37.8516 dy=-5.74553 gain=0 distPx=38.2851 lockMs=0 bodyEdg=-1 pull=1 onBody=0 zone=1 kmbox=1 shake=6.79429 supp=1 smooth=1 fov=16.3 src=0
cand=3 locked=80748126976 dx=34.0317 dy=-9.15014 gain=4.74582 distPx=35.2403 lockMs=661.999 bodyEdg=-1 pull=1 onBody=0 zone=1 kmbox=1 shake=0.407269 supp=0 smooth=1 fov=16.3 src=0
cand=3 locked=80748126976 dx=16.2894 dy=9.89252 gain=1.17647 distPx=18.2312 lockMs=1336.73 bodyEdg=0.904968 pull=0.3 onBody=1 zone=1 kmbox=1 shake=0.343733 supp=0 smooth=1 fov=16.3 src=0
cand=3 locked=80748126976 dx=4.10505 dy=6.34325 gain=3.92157 distPx=7.55568 lockMs=1856.69 bodyEdg=-1 pull=1 onBody=0 zone=1 kmbox=1 shake=0.580333 supp=0 smooth=1 fov=16.3 src=0
cand=3 locked=80748126976 dx=-14.3019 dy=4.53979 gain=1.17647 distPx=8.49288 lockMs=2517.58 bodyEdg=0.794549 pull=0.3 onBody=1 zone=1 kmbox=1 shake=0.16698 supp=0 smooth=1 fov=16.3 src=0
cand=3 locked=80748126976 dx=-16.2401 dy=1.95288 gain=3.92157 distPx=16.3571 lockMs=3146.91 bodyEdg=-1 pull=1 onBody=0 zone=1 kmbox=1 shake=0.118335 supp=0 smooth=1 fov=16.3 src=0
cand=3 locked=80748126976 dx=52.4652 dy=3.17441 gain=0 distPx=52.5611 lockMs=3684.1 bodyEdg=-1 pull=1 onBody=0 zone=1 kmbox=1 shake=3.22177 supp=1 smooth=1 fov=16.3 src=0
cand=3 locked=80748126976 dx=191.108 dy=101.951 gain=0 distPx=216.601 lockMs=4200.5 bodyEdg=-1 pull=1 onBody=0 zone=1 kmbox=1 shake=2.89236 supp=1 smooth=1 fov=16.3 src=0
cand=3 locked=80748126976 dx=194.767 dy=109.948 gain=8.03922 distPx=223.657 lockMs=4861.97 bodyEdg=-1 pull=1 onBody=0 zone=1 kmbox=1 shake=0.336371 supp=0 smooth=1 fov=16.3 src=0
cand=3 locked=80748126976 dx=179.278 dy=93.7906 gain=7.72423 distPx=202.329 lockMs=5383.71 bodyEdg=-1 pull=1 onBody=0 zone=1 kmbox=1 shake=0.0325572 supp=0 smooth=1 fov=16.3 src=0
cand=3 locked=80748126976 dx=168.573 dy=82.5619 gain=7.46355 distPx=187.705 lockMs=5919.49 bodyEdg=-1 pull=1 onBody=0 zone=1 kmbox=1 shake=0.409683 supp=0 smooth=1 fov=16.3 src=0
cand=3 locked=80748126976 dx=148.224 dy=69.5452 gain=7.03616 distPx=163.728 lockMs=6441.6 bodyEdg=-1 pull=1 onBody=0 zone=1 kmbox=1 shake=0.714517 supp=0 smooth=1 fov=16.3 src=0
cand=2 locked=80748126976 dx=132.669 dy=68.9662 gain=6.78296 distPx=149.524 lockMs=6957.47 bodyEdg=-1 pull=1 onBody=0 zone=1 kmbox=1 shake=0.721226 supp=0 smooth=1 fov=16.3 src=0
cand=2 locked=80748126976 dx=106.562 dy=54.9251 gain=6.25462 distPx=119.884 lockMs=7475.6 bodyEdg=-1 pull=1 onBody=0 zone=1 kmbox=1 shake=0.688161 supp=0 smooth=1 fov=16.3 src=0
cand=2 locked=80748126976 dx=90.1114 dy=52.4802 gain=5.97646 distPx=104.28 lockMs=8026.55 bodyEdg=-1 pull=1 onBody=0 zone=1 kmbox=1 shake=0.325834 supp=0 smooth=1 fov=16.3 src=0
cand=2 locked=80748126976 dx=72.5261 dy=49.0499 gain=5.67835 distPx=87.5553 lockMs=8561.63 bodyEdg=-1 pull=1 onBody=0 zone=1 kmbox=1 shake=0.339891 supp=0 smooth=1 fov=16.3 src=0
cand=2 locked=80748126976 dx=48.5233 dy=43.1194 gain=5.27475 distPx=64.9137 lockMs=9097.4 bodyEdg=-1 pull=1 onBody=0 zone=1 kmbox=1 shake=0.819681 supp=0 smooth=1 fov=16.3 src=0
cand=2 locked=80748126976 dx=19.5218 dy=37.4516 gain=4.87048 distPx=42.2341 lockMs=9619.51 bodyEdg=-1 pull=1 onBody=0 zone=1 kmbox=1 shake=0.303082 supp=0 smooth=1 fov=16.3 src=0
